> Task :app:checkKotlinGradlePluginConfigurationErrors SKIPPED
> Task :app:preBuild UP-TO-DATE
> Task :app:preDebugBuild UP-TO-DATE
> Task :app:checkDebugAarMetadata UP-TO-DATE
> Task :app:processDebugNavigationResources UP-TO-DATE
> Task :app:compileDebugNavigationResources UP-TO-DATE
> Task :app:generateDebugResValues UP-TO-DATE
> Task :app:mapDebugSourceSetPaths UP-TO-DATE
> Task :app:generateDebugResources UP-TO-DATE
> Task :app:mergeDebugResources UP-TO-DATE
> Task :app:packageDebugResources UP-TO-DATE
> Task :app:parseDebugLocalResources UP-TO-DATE
> Task :app:createDebugCompatibleScreenManifests UP-TO-DATE
> Task :app:extractDeepLinksDebug UP-TO-DATE
> Task :app:processDebugMainManifest
> Task :app:processDebugManifest
> Task :app:processDebugManifestForPackage
> Task :app:processDebugResources

> Task :app:kaptGenerateStubsDebugKotlin
w: Kapt currently doesn't support language version 2.0+. Falling back to 1.9.
.\gradlew.bat : e: Daemon compilation failed: null
At line:1 char:1
+ .\gradlew.bat compileDebugKotlin > compile_errors.txt 2>&1
+ ~~~~~~~~~~~~~~~~~~~~~~~~~~~~~~~~~~~~~~~~~~~~~~~~~~~~~~~~~~
    + CategoryInfo          : NotSpecified: (e: Daemon compilati 
   on failed: null:String) [], RemoteException
    + FullyQualifiedErrorId : NativeCommandError
 
java.lang.Exception
	at org.jetbrains.kotlin.daemon.common.CompileService$CallResult$
Error.get(CompileService.kt:69)
	at org.jetbrains.kotlin.daemon.common.CompileService$CallResult$
Error.get(CompileService.kt:65)
	at org.jetbrains.kotlin.compilerRunner.GradleKotlinCompilerWork.
compileWithDaemon(GradleKotlinCompilerWork.kt:240)
	at org.jetbrains.kotlin.compilerRunner.GradleKotlinCompilerWork.
compileWithDaemonOrFallbackImpl(GradleKotlinCompilerWork.kt:159)
	at org.jetbrains.kotlin.compilerRunner.GradleKotlinCompilerWork.
run(GradleKotlinCompilerWork.kt:111)
	at org.jetbrains.kotlin.compilerRunner.GradleCompilerRunnerWithW
orkers$GradleKotlinCompilerWorkAction.execute(GradleCompilerRunne
rWithWorkers.kt:76)
	at org.gradle.workers.internal.DefaultWorkerServer.execute(Defau
ltWorkerServer.java:63)
	at org.gradle.workers.internal.NoIsolationWorkerFactory$1$1.crea
te(NoIsolationWorkerFactory.java:66)
	at org.gradle.workers.internal.NoIsolationWorkerFactory$1$1.crea
te(NoIsolationWorkerFactory.java:62)
	at org.gradle.internal.classloader.ClassLoaderUtils.executeInCla
ssloader(ClassLoaderUtils.java:100)
	at org.gradle.workers.internal.NoIsolationWorkerFactory$1.lambda
$execute$0(NoIsolationWorkerFactory.java:62)
	at org.gradle.workers.internal.AbstractWorker$1.call(AbstractWor
ker.java:44)
	at org.gradle.workers.internal.AbstractWorker$1.call(AbstractWor
ker.java:41)
	at org.gradle.internal.operations.DefaultBuildOperationRunner$Ca
llableBuildOperationWorker.execute(DefaultBuildOperationRunner.ja
va:210)
	at org.gradle.internal.operations.DefaultBuildOperationRunner$Ca
llableBuildOperationWorker.execute(DefaultBuildOperationRunner.ja
va:205)
	at org.gradle.internal.operations.DefaultBuildOperationRunner$2.
execute(DefaultBuildOperationRunner.java:67)
	at org.gradle.internal.operations.DefaultBuildOperationRunner$2.
execute(DefaultBuildOperationRunner.java:60)
	at org.gradle.internal.operations.DefaultBuildOperationRunner.ex
ecute(DefaultBuildOperationRunner.java:167)
	at org.gradle.internal.operations.DefaultBuildOperationRunner.ex
ecute(DefaultBuildOperationRunner.java:60)
	at org.gradle.internal.operations.DefaultBuildOperationRunner.ca
ll(DefaultBuildOperationRunner.java:54)
	at org.gradle.workers.internal.AbstractWorker.executeWrappedInBu
ildOperation(AbstractWorker.java:41)
	at org.gradle.workers.internal.NoIsolationWorkerFactory$1.execut
e(NoIsolationWorkerFactory.java:59)
	at org.gradle.workers.internal.DefaultWorkerExecutor.lambda$subm
itWork$0(DefaultWorkerExecutor.java:174)
	at java.base/java.util.concurrent.FutureTask.run(FutureTask.java
:264)
	at org.gradle.internal.work.DefaultConditionalExecutionQueue$Exe
cutionRunner.runExecution(DefaultConditionalExecutionQueue.java:1
94)
	at org.gradle.internal.work.DefaultConditionalExecutionQueue$Exe
cutionRunner.access$700(DefaultConditionalExecutionQueue.java:127
)
	at org.gradle.internal.work.DefaultConditionalExecutionQueue$Exe
cutionRunner$1.run(DefaultConditionalExecutionQueue.java:169)
	at org.gradle.internal.Factories$1.create(Factories.java:31)
	at org.gradle.internal.work.DefaultWorkerLeaseService.withLocks(
DefaultWorkerLeaseService.java:263)
	at org.gradle.internal.work.DefaultWorkerLeaseService.runAsWorke
rThread(DefaultWorkerLeaseService.java:127)
	at org.gradle.internal.work.DefaultWorkerLeaseService.runAsWorke
rThread(DefaultWorkerLeaseService.java:132)
	at org.gradle.internal.work.DefaultConditionalExecutionQueue$Exe
cutionRunner.runBatch(DefaultConditionalExecutionQueue.java:164)
	at org.gradle.internal.work.DefaultConditionalExecutionQueue$Exe
cutionRunner.run(DefaultConditionalExecutionQueue.java:133)
	at java.base/java.util.concurrent.Executors$RunnableAdapter.call
(Executors.java:539)
	at java.base/java.util.concurrent.FutureTask.run(FutureTask.java
:264)
	at org.gradle.internal.concurrent.ExecutorPolicy$CatchAndRecordF
ailures.onExecute(ExecutorPolicy.java:64)
	at org.gradle.internal.concurrent.AbstractManagedExecutor$1.run(
AbstractManagedExecutor.java:48)
	at java.base/java.util.concurrent.ThreadPoolExecutor.runWorker(T
hreadPoolExecutor.java:1136)
	at java.base/java.util.concurrent.ThreadPoolExecutor$Worker.run(
ThreadPoolExecutor.java:635)
	at java.base/java.lang.Thread.run(Thread.java:840)
Caused by: java.lang.AssertionError: java.lang.Exception: Could 
not close incremental caches in C:\Users\123\AndroidStudioProject
s\StopScroll\app\build\kotlin\kaptGenerateStubsDebugKotlin\cachea
ble\caches-jvm\jvm\kotlin: source-to-classes.tab
	at org.jetbrains.kotlin.com.google.common.io.Closer.close(Closer
.java:236)
	at org.jetbrains.kotlin.incremental.IncrementalCachesManager.clo
se(IncrementalCachesManager.kt:55)
	at kotlin.io.CloseableKt.closeFinally(Closeable.kt:56)
	at org.jetbrains.kotlin.incremental.IncrementalCompilerRunner.co
mpileNonIncrementally(IncrementalCompilerRunner.kt:293)
	at org.jetbrains.kotlin.incremental.IncrementalCompilerRunner.co
mpile(IncrementalCompilerRunner.kt:129)
	at org.jetbrains.kotlin.daemon.CompileServiceImplBase.execIncrem
entalCompiler(CompileServiceImpl.kt:675)
	at org.jetbrains.kotlin.daemon.CompileServiceImplBase.access$exe
cIncrementalCompiler(CompileServiceImpl.kt:92)
	at org.jetbrains.kotlin.daemon.CompileServiceImpl.compile(Compil
eServiceImpl.kt:1660)
	at 
jdk.internal.reflect.GeneratedMethodAccessor94.invoke(Unknown 
Source)
	at java.base/jdk.internal.reflect.DelegatingMethodAccessorImpl.i
nvoke(DelegatingMethodAccessorImpl.java:43)
	at java.base/java.lang.reflect.Method.invoke(Method.java:569)
	at java.rmi/sun.rmi.server.UnicastServerRef.dispatch(UnicastServ
erRef.java:360)
	at 
java.rmi/sun.rmi.transport.Transport$1.run(Transport.java:200)
	at 
java.rmi/sun.rmi.transport.Transport$1.run(Transport.java:197)
	at java.base/java.security.AccessController.doPrivileged(AccessC
ontroller.java:712)
	at java.rmi/sun.rmi.transport.Transport.serviceCall(Transport.ja
va:196)
	at java.rmi/sun.rmi.transport.tcp.TCPTransport.handleMessages(TC
PTransport.java:587)
	at java.rmi/sun.rmi.transport.tcp.TCPTransport$ConnectionHandler
.run0(TCPTransport.java:828)
	at java.rmi/sun.rmi.transport.tcp.TCPTransport$ConnectionHandler
.lambda$run$0(TCPTransport.java:705)
	at java.base/java.security.AccessController.doPrivileged(AccessC
ontroller.java:399)
	at java.rmi/sun.rmi.transport.tcp.TCPTransport$ConnectionHandler
.run(TCPTransport.java:704)
	... 3 more
Caused by: java.lang.Exception: Could not close incremental 
caches in C:\Users\123\AndroidStudioProjects\StopScroll\app\build
\kotlin\kaptGenerateStubsDebugKotlin\cacheable\caches-jvm\jvm\kot
lin: source-to-classes.tab
	at org.jetbrains.kotlin.incremental.storage.BasicMapsOwner.forEa
chMapSafe(BasicMapsOwner.kt:95)
	at org.jetbrains.kotlin.incremental.storage.BasicMapsOwner.close
(BasicMapsOwner.kt:53)
	at org.jetbrains.kotlin.com.google.common.io.Closer.close(Closer
.java:223)
	... 23 more
	Suppressed: java.lang.IllegalStateException: Storage for [C:\Use
rs\123\AndroidStudioProjects\StopScroll\app\build\kotlin\kaptGene
rateStubsDebugKotlin\cacheable\caches-jvm\jvm\kotlin\source-to-cl
asses.tab] is already registered
		at org.jetbrains.kotlin.com.intellij.util.io.FilePageCache.regi
sterPagedFileStorage(FilePageCache.java:410)
		at org.jetbrains.kotlin.com.intellij.util.io.PagedFileStorage.<
init>(PagedFileStorage.java:72)
		at org.jetbrains.kotlin.com.intellij.util.io.ResizeableMappedFi
le.<init>(ResizeableMappedFile.java:55)
		at org.jetbrains.kotlin.com.intellij.util.io.PersistentBTreeEnu
merator.<init>(PersistentBTreeEnumerator.java:128)
		at org.jetbrains.kotlin.com.intellij.util.io.PersistentEnumerat
or.createDefaultEnumerator(PersistentEnumerator.java:52)
		at org.jetbrains.kotlin.com.intellij.util.io.PersistentMapImpl.
<init>(PersistentMapImpl.java:165)
		at org.jetbrains.kotlin.com.intellij.util.io.PersistentMapImpl.
<init>(PersistentMapImpl.java:140)
		at org.jetbrains.kotlin.com.intellij.util.io.PersistentMapBuild
er.buildImplementation(PersistentMapBuilder.java:88)
		at org.jetbrains.kotlin.com.intellij.util.io.PersistentMapBuild
er.build(PersistentMapBuilder.java:71)
		at org.jetbrains.kotlin.com.intellij.util.io.PersistentHashMap.
<init>(PersistentHashMap.java:45)
		at org.jetbrains.kotlin.com.intellij.util.io.PersistentHashMap.
<init>(PersistentHashMap.java:71)
		at org.jetbrains.kotlin.incremental.storage.LazyStorage.createM
ap(LazyStorage.kt:62)
		at org.jetbrains.kotlin.incremental.storage.LazyStorage.getStor
ageOrCreateNew(LazyStorage.kt:59)
		at org.jetbrains.kotlin.incremental.storage.LazyStorage.set(Laz
yStorage.kt:80)
		at org.jetbrains.kotlin.incremental.storage.InMemoryStorage.app
lyChanges(InMemoryStorage.kt:108)
		at org.jetbrains.kotlin.incremental.storage.AppendableInMemoryS
torage.applyChanges(InMemoryStorage.kt:179)
		at org.jetbrains.kotlin.incremental.storage.InMemoryStorage.clo
se(InMemoryStorage.kt:136)
		at org.jetbrains.kotlin.incremental.storage.AppendableSetBasicM
ap.close(BasicMap.kt:157)
		at org.jetbrains.kotlin.incremental.storage.BasicMapsOwner$clos
e$1.invoke(BasicMapsOwner.kt:53)
		at org.jetbrains.kotlin.incremental.storage.BasicMapsOwner$clos
e$1.invoke(BasicMapsOwner.kt:53)
		at org.jetbrains.kotlin.incremental.storage.BasicMapsOwner.forE
achMapSafe(BasicMapsOwner.kt:87)
		... 25 more
		Suppressed: java.lang.Exception: Storage[C:\Users\123\AndroidSt
udioProjects\StopScroll\app\build\kotlin\kaptGenerateStubsDebugKo
tlin\cacheable\caches-jvm\jvm\kotlin\source-to-classes.tab] 
registration stack trace
			at org.jetbrains.kotlin.com.intellij.util.io.FilePageCache.reg
isterPagedFileStorage(FilePageCache.java:437)
			... 45 more
	Suppressed: java.lang.Exception: Could not close incremental 
caches in C:\Users\123\AndroidStudioProjects\StopScroll\app\build
\kotlin\kaptGenerateStubsDebugKotlin\cacheable\caches-jvm\lookups
: id-to-file.tab
		at org.jetbrains.kotlin.incremental.storage.BasicMapsOwner.forE
achMapSafe(BasicMapsOwner.kt:95)
		at org.jetbrains.kotlin.incremental.storage.BasicMapsOwner.clos
e(BasicMapsOwner.kt:53)
		at org.jetbrains.kotlin.incremental.LookupStorage.close(LookupS
torage.kt:155)
		... 24 more
		Suppressed: java.lang.IllegalStateException: Storage for [C:\Us
ers\123\AndroidStudioProjects\StopScroll\app\build\kotlin\kaptGen
erateStubsDebugKotlin\cacheable\caches-jvm\lookups\id-to-file.tab
] is already registered
			at org.jetbrains.kotlin.com.intellij.util.io.FilePageCache.reg
isterPagedFileStorage(FilePageCache.java:410)
			at org.jetbrains.kotlin.com.intellij.util.io.PagedFileStorage.
<init>(PagedFileStorage.java:72)
			at org.jetbrains.kotlin.com.intellij.util.io.ResizeableMappedF
ile.<init>(ResizeableMappedFile.java:55)
			at org.jetbrains.kotlin.com.intellij.util.io.PersistentBTreeEn
umerator.<init>(PersistentBTreeEnumerator.java:128)
			at org.jetbrains.kotlin.com.intellij.util.io.PersistentEnumera
tor.createDefaultEnumerator(PersistentEnumerator.java:52)
			at org.jetbrains.kotlin.com.intellij.util.io.PersistentMapImpl
.<init>(PersistentMapImpl.java:165)
			at org.jetbrains.kotlin.com.intellij.util.io.PersistentMapImpl
.<init>(PersistentMapImpl.java:140)
			at org.jetbrains.kotlin.com.intellij.util.io.PersistentMapBuil
der.buildImplementation(PersistentMapBuilder.java:88)
			at org.jetbrains.kotlin.com.intellij.util.io.PersistentMapBuil
der.build(PersistentMapBuilder.java:71)
			at org.jetbrains.kotlin.com.intellij.util.io.PersistentHashMap
.<init>(PersistentHashMap.java:45)
			at org.jetbrains.kotlin.com.intellij.util.io.PersistentHashMap
.<init>(PersistentHashMap.java:71)
			at org.jetbrains.kotlin.incremental.storage.LazyStorage.create
Map(LazyStorage.kt:62)
			at org.jetbrains.kotlin.incremental.storage.LazyStorage.getSto
rageOrCreateNew(LazyStorage.kt:59)
			at org.jetbrains.kotlin.incremental.storage.LazyStorage.set(La
zyStorage.kt:80)
			at org.jetbrains.kotlin.incremental.storage.InMemoryStorage.ap
plyChanges(InMemoryStorage.kt:108)
			at org.jetbrains.kotlin.incremental.storage.InMemoryStorage.cl
ose(InMemoryStorage.kt:136)
			at org.jetbrains.kotlin.incremental.storage.PersistentStorageW
rapper.close(PersistentStorage.kt:111)
			at org.jetbrains.kotlin.incremental.storage.BasicMapsOwner$clo
se$1.invoke(BasicMapsOwner.kt:53)
			at org.jetbrains.kotlin.incremental.storage.BasicMapsOwner$clo
se$1.invoke(BasicMapsOwner.kt:53)
			at org.jetbrains.kotlin.incremental.storage.BasicMapsOwner.for
EachMapSafe(BasicMapsOwner.kt:87)
			... 26 more
			Suppressed: java.lang.Exception: Storage[C:\Users\123\AndroidS
tudioProjects\StopScroll\app\build\kotlin\kaptGenerateStubsDebugK
otlin\cacheable\caches-jvm\lookups\id-to-file.tab] registration 
stack trace
				at org.jetbrains.kotlin.com.intellij.util.io.FilePageCache.re
gisterPagedFileStorage(FilePageCache.java:437)
				... 45 more
	Suppressed: java.lang.Exception: Could not close incremental 
caches in C:\Users\123\AndroidStudioProjects\StopScroll\app\build
\kotlin\kaptGenerateStubsDebugKotlin\cacheable\caches-jvm\inputs:
 source-to-output.tab
		... 26 more
		Suppressed: java.lang.IllegalStateException: Storage for [C:\Us
ers\123\AndroidStudioProjects\StopScroll\app\build\kotlin\kaptGen
erateStubsDebugKotlin\cacheable\caches-jvm\inputs\source-to-outpu
t.tab] is already registered
			at org.jetbrains.kotlin.com.intellij.util.io.FilePageCache.reg
isterPagedFileStorage(FilePageCache.java:410)
Failed to compile with Kotlin daemon: java.lang.Exception
			at org.jetbrains.kotlin.com.intellij.util.io.PagedFileStorage.
<init>(PagedFileStorage.java:72)
			at org.jetbrains.kotlin.com.intellij.util.io.ResizeableMappedF
ile.<init>(ResizeableMappedFile.java:55)
			at org.jetbrains.kotlin.com.intellij.util.io.PersistentBTreeEn
umerator.<init>(PersistentBTreeEnumerator.java:128)
			at org.jetbrains.kotlin.com.intellij.util.io.PersistentEnumera
tor.createDefaultEnumerator(PersistentEnumerator.java:52)
			at org.jetbrains.kotlin.com.intellij.util.io.PersistentMapImpl
.<init>(PersistentMapImpl.java:165)
			at org.jetbrains.kotlin.com.intellij.util.io.PersistentMapImpl
.<init>(PersistentMapImpl.java:140)
			at org.jetbrains.kotlin.com.intellij.util.io.PersistentMapBuil
der.buildImplementation(PersistentMapBuilder.java:88)
			at org.jetbrains.kotlin.com.intellij.util.io.PersistentMapBuil
der.build(PersistentMapBuilder.java:71)
			at org.jetbrains.kotlin.com.intellij.util.io.PersistentHashMap
.<init>(PersistentHashMap.java:45)
			at org.jetbrains.kotlin.com.intellij.util.io.PersistentHashMap
.<init>(PersistentHashMap.java:71)
			at org.jetbrains.kotlin.incremental.storage.LazyStorage.create
Map(LazyStorage.kt:62)
			at org.jetbrains.kotlin.incremental.storage.LazyStorage.getSto
rageOrCreateNew(LazyStorage.kt:59)
			at org.jetbrains.kotlin.incremental.storage.LazyStorage.set(La
zyStorage.kt:80)
			at org.jetbrains.kotlin.incremental.storage.InMemoryStorage.ap
plyChanges(InMemoryStorage.kt:108)
			at org.jetbrains.kotlin.incremental.storage.AppendableInMemory
Storage.applyChanges(InMemoryStorage.kt:179)
			at org.jetbrains.kotlin.incremental.storage.InMemoryStorage.cl
ose(InMemoryStorage.kt:136)
			at org.jetbrains.kotlin.incremental.storage.AppendableSetBasic
Map.close(BasicMap.kt:157)
	at org.jetbrains.kotlin.daemon.common.CompileService$CallResult$Error.get(CompileService.kt:69)
	at org.jetbrains.kotlin.daemon.common.CompileService$CallResult$Error.get(CompileService.kt:65)
	at org.jetbrains.kotlin.compilerRunner.GradleKotlinCompilerWork.compileWithDaemon(GradleKotlinCompilerWork.kt:240)
			at org.jetbrains.kotlin.incremental.storage.BasicMapsOwner$clo
se$1.invoke(BasicMapsOwner.kt:53)
			at org.jetbrains.kotlin.incremental.storage.BasicMapsOwner$clo
se$1.invoke(BasicMapsOwner.kt:53)
			at org.jetbrains.kotlin.incremental.storage.BasicMapsOwner.for
EachMapSafe(BasicMapsOwner.kt:87)
			... 25 more
			Suppressed: java.lang.Exception: Storage[C:\Users\123\AndroidS
tudioProjects\StopScroll\app\build\kotlin\kaptGenerateStubsDebugK
otlin\cacheable\caches-jvm\inputs\source-to-output.tab] 
registration stack trace
				at org.jetbrains.kotlin.com.intellij.util.io.FilePageCache.re
gisterPagedFileStorage(FilePageCache.java:437)
				... 45 more

	at org.jetbrains.kotlin.compilerRunner.GradleKotlinCompilerWork.compileWithDaemonOrFallbackImpl(GradleKotlinCompilerWork.kt:159)
	at org.jetbrains.kotlin.compilerRunner.GradleKotlinCompilerWork.run(GradleKotlinCompilerWork.kt:111)
	at org.jetbrains.kotlin.compilerRunner.GradleCompilerRunnerWithWorkers$GradleKotlinCompilerWorkAction.execute(GradleCompilerRunnerWithWorkers.kt:76)
	at org.gradle.workers.internal.DefaultWorkerServer.execute(DefaultWorkerServer.java:63)
	at org.gradle.workers.internal.NoIsolationWorkerFactory$1$1.create(NoIsolationWorkerFactory.java:66)
	at org.gradle.workers.internal.NoIsolationWorkerFactory$1$1.create(NoIsolationWorkerFactory.java:62)
	at org.gradle.internal.classloader.ClassLoaderUtils.executeInClassloader(ClassLoaderUtils.java:100)
	at org.gradle.workers.internal.NoIsolationWorkerFactory$1.lambda$execute$0(NoIsolationWorkerFactory.java:62)
	at org.gradle.workers.internal.AbstractWorker$1.call(AbstractWorker.java:44)
	at org.gradle.workers.internal.AbstractWorker$1.call(AbstractWorker.java:41)
	at org.gradle.internal.operations.DefaultBuildOperationRunner$CallableBuildOperationWorker.execute(DefaultBuildOperationRunner.java:210)
	at org.gradle.internal.operations.DefaultBuildOperationRunner$CallableBuildOperationWorker.execute(DefaultBuildOperationRunner.java:205)
	at org.gradle.internal.operations.DefaultBuildOperationRunner$2.execute(DefaultBuildOperationRunner.java:67)
	at org.gradle.internal.operations.DefaultBuildOperationRunner$2.execute(DefaultBuildOperationRunner.java:60)
	at org.gradle.internal.operations.DefaultBuildOperationRunner.execute(DefaultBuildOperationRunner.java:167)
	at org.gradle.internal.operations.DefaultBuildOperationRunner.execute(DefaultBuildOperationRunner.java:60)
	at org.gradle.internal.operations.DefaultBuildOperationRunner.call(DefaultBuildOperationRunner.java:54)
	at org.gradle.workers.internal.AbstractWorker.executeWrappedInBuildOperation(AbstractWorker.java:41)
	at org.gradle.workers.internal.NoIsolationWorkerFactory$1.execute(NoIsolationWorkerFactory.java:59)
	at org.gradle.workers.internal.DefaultWorkerExecutor.lambda$submitWork$0(DefaultWorkerExecutor.java:174)
	at java.base/java.util.concurrent.FutureTask.run(FutureTask.java:264)
	at org.gradle.internal.work.DefaultConditionalExecutionQueue$ExecutionRunner.runExecution(DefaultConditionalExecutionQueue.java:194)
	at org.gradle.internal.work.DefaultConditionalExecutionQueue$ExecutionRunner.access$700(DefaultConditionalExecutionQueue.java:127)
	at org.gradle.internal.work.DefaultConditionalExecutionQueue$ExecutionRunner$1.run(DefaultConditionalExecutionQueue.java:169)
	at org.gradle.internal.Factories$1.create(Factories.java:31)
	at org.gradle.internal.work.DefaultWorkerLeaseService.withLocks(DefaultWorkerLeaseService.java:263)
	at org.gradle.internal.work.DefaultWorkerLeaseService.runAsWorkerThread(DefaultWorkerLeaseService.java:127)
	at org.gradle.internal.work.DefaultWorkerLeaseService.runAsWorkerThread(DefaultWorkerLeaseService.java:132)
	at org.gradle.internal.work.DefaultConditionalExecutionQueue$ExecutionRunner.runBatch(DefaultConditionalExecutionQueue.java:164)
	at org.gradle.internal.work.DefaultConditionalExecutionQueue$ExecutionRunner.run(DefaultConditionalExecutionQueue.java:133)
	at java.base/java.util.concurrent.Executors$RunnableAdapter.call(Executors.java:539)
	at java.base/java.util.concurrent.FutureTask.run(FutureTask.java:264)
	at org.gradle.internal.concurrent.ExecutorPolicy$CatchAndRecordFailures.onExecute(ExecutorPolicy.java:64)
	at org.gradle.internal.concurrent.AbstractManagedExecutor$1.run(AbstractManagedExecutor.java:48)
	at java.base/java.util.concurrent.ThreadPoolExecutor.runWorker(ThreadPoolExecutor.java:1136)
	at java.base/java.util.concurrent.ThreadPoolExecutor$Worker.run(ThreadPoolExecutor.java:635)
	at java.base/java.lang.Thread.run(Thread.java:840)
Caused by: java.lang.AssertionError: java.lang.Exception: Could not close incremental caches in C:\Users\123\AndroidStudioProjects\StopScroll\app\build\kotlin\kaptGenerateStubsDebugKotlin\cacheable\caches-jvm\jvm\kotlin: source-to-classes.tab
	at org.jetbrains.kotlin.com.google.common.io.Closer.close(Closer.java:236)
	at org.jetbrains.kotlin.incremental.IncrementalCachesManager.close(IncrementalCachesManager.kt:55)
	at kotlin.io.CloseableKt.closeFinally(Closeable.kt:56)
	at org.jetbrains.kotlin.incremental.IncrementalCompilerRunner.compileNonIncrementally(IncrementalCompilerRunner.kt:293)
	at org.jetbrains.kotlin.incremental.IncrementalCompilerRunner.compile(IncrementalCompilerRunner.kt:129)
	at org.jetbrains.kotlin.daemon.CompileServiceImplBase.execIncrementalCompiler(CompileServiceImpl.kt:675)
	at org.jetbrains.kotlin.daemon.CompileServiceImplBase.access$execIncrementalCompiler(CompileServiceImpl.kt:92)
	at org.jetbrains.kotlin.daemon.CompileServiceImpl.compile(CompileServiceImpl.kt:1660)
	at jdk.internal.reflect.GeneratedMethodAccessor94.invoke(Unknown Source)
	at java.base/jdk.internal.reflect.DelegatingMethodAccessorImpl.invoke(DelegatingMethodAccessorImpl.java:43)
	at java.base/java.lang.reflect.Method.invoke(Method.java:569)
	at java.rmi/sun.rmi.server.UnicastServerRef.dispatch(UnicastServerRef.java:360)
	at java.rmi/sun.rmi.transport.Transport$1.run(Transport.java:200)
	at java.rmi/sun.rmi.transport.Transport$1.run(Transport.java:197)
	at java.base/java.security.AccessController.doPrivileged(AccessController.java:712)
	at java.rmi/sun.rmi.transport.Transport.serviceCall(Transport.java:196)
	at java.rmi/sun.rmi.transport.tcp.TCPTransport.handleMessages(TCPTransport.java:587)
	at java.rmi/sun.rmi.transport.tcp.TCPTransport$ConnectionHandler.run0(TCPTransport.java:828)
	at java.rmi/sun.rmi.transport.tcp.TCPTransport$ConnectionHandler.lambda$run$0(TCPTransport.java:705)
	at java.base/java.security.AccessController.doPrivileged(AccessController.java:399)
	at java.rmi/sun.rmi.transport.tcp.TCPTransport$ConnectionHandler.run(TCPTransport.java:704)
	... 3 more
Caused by: java.lang.Exception: Could not close incremental caches in C:\Users\123\AndroidStudioProjects\StopScroll\app\build\kotlin\kaptGenerateStubsDebugKotlin\cacheable\caches-jvm\jvm\kotlin: source-to-classes.tab
	at org.jetbrains.kotlin.incremental.storage.BasicMapsOwner.forEachMapSafe(BasicMapsOwner.kt:95)
	at org.jetbrains.kotlin.incremental.storage.BasicMapsOwner.close(BasicMapsOwner.kt:53)
	at org.jetbrains.kotlin.com.google.common.io.Closer.close(Closer.java:223)
	... 23 more
	Suppressed: java.lang.IllegalStateException: Storage for [C:\Users\123\AndroidStudioProjects\StopScroll\app\build\kotlin\kaptGenerateStubsDebugKotlin\cacheable\caches-jvm\jvm\kotlin\source-to-classes.tab] is already registered
		at org.jetbrains.kotlin.com.intellij.util.io.FilePageCache.registerPagedFileStorage(FilePageCache.java:410)
		at org.jetbrains.kotlin.com.intellij.util.io.PagedFileStorage.<init>(PagedFileStorage.java:72)
		at org.jetbrains.kotlin.com.intellij.util.io.ResizeableMappedFile.<init>(ResizeableMappedFile.java:55)
		at org.jetbrains.kotlin.com.intellij.util.io.PersistentBTreeEnumerator.<init>(PersistentBTreeEnumerator.java:128)
		at org.jetbrains.kotlin.com.intellij.util.io.PersistentEnumerator.createDefaultEnumerator(PersistentEnumerator.java:52)
		at org.jetbrains.kotlin.com.intellij.util.io.PersistentMapImpl.<init>(PersistentMapImpl.java:165)
		at org.jetbrains.kotlin.com.intellij.util.io.PersistentMapImpl.<init>(PersistentMapImpl.java:140)
		at org.jetbrains.kotlin.com.intellij.util.io.PersistentMapBuilder.buildImplementation(PersistentMapBuilder.java:88)
		at org.jetbrains.kotlin.com.intellij.util.io.PersistentMapBuilder.build(PersistentMapBuilder.java:71)
		at org.jetbrains.kotlin.com.intellij.util.io.PersistentHashMap.<init>(PersistentHashMap.java:45)
		at org.jetbrains.kotlin.com.intellij.util.io.PersistentHashMap.<init>(PersistentHashMap.java:71)
		at org.jetbrains.kotlin.incremental.storage.LazyStorage.createMap(LazyStorage.kt:62)
		at org.jetbrains.kotlin.incremental.storage.LazyStorage.getStorageOrCreateNew(LazyStorage.kt:59)
		at org.jetbrains.kotlin.incremental.storage.LazyStorage.set(LazyStorage.kt:80)
		at org.jetbrains.kotlin.incremental.storage.InMemoryStorage.applyChanges(InMemoryStorage.kt:108)
		at org.jetbrains.kotlin.incremental.storage.AppendableInMemoryStorage.applyChanges(InMemoryStorage.kt:179)
		at org.jetbrains.kotlin.incremental.storage.InMemoryStorage.close(InMemoryStorage.kt:136)
		at org.jetbrains.kotlin.incremental.storage.AppendableSetBasicMap.close(BasicMap.kt:157)
		at org.jetbrains.kotlin.incremental.storage.BasicMapsOwner$close$1.invoke(BasicMapsOwner.kt:53)
		at org.jetbrains.kotlin.incremental.storage.BasicMapsOwner$close$1.invoke(BasicMapsOwner.kt:53)
		at org.jetbrains.kotlin.incremental.storage.BasicMapsOwner.forEachMapSafe(BasicMapsOwner.kt:87)
		... 25 more
		Suppressed: java.lang.Exception: Storage[C:\Users\123\AndroidStudioProjects\StopScroll\app\build\kotlin\kaptGenerateStubsDebugKotlin\cacheable\caches-jvm\jvm\kotlin\source-to-classes.tab] registration stack trace
			at org.jetbrains.kotlin.com.intellij.util.io.FilePageCache.registerPagedFileStorage(FilePageCache.java:437)
			... 45 more
	Suppressed: java.lang.Exception: Could not close incremental caches in C:\Users\123\AndroidStudioProjects\StopScroll\app\build\kotlin\kaptGenerateStubsDebugKotlin\cacheable\caches-jvm\lookups: id-to-file.tab
		at org.jetbrains.kotlin.incremental.storage.BasicMapsOwner.forEachMapSafe(BasicMapsOwner.kt:95)
		at org.jetbrains.kotlin.incremental.storage.BasicMapsOwner.close(BasicMapsOwner.kt:53)
		at org.jetbrains.kotlin.incremental.LookupStorage.close(LookupStorage.kt:155)
		... 24 more
		Suppressed: java.lang.IllegalStateException: Storage for [C:\Users\123\AndroidStudioProjects\StopScroll\app\build\kotlin\kaptGenerateStubsDebugKotlin\cacheable\caches-jvm\lookups\id-to-file.tab] is already registered
			at org.jetbrains.kotlin.com.intellij.util.io.FilePageCache.registerPagedFileStorage(FilePageCache.java:410)
			at org.jetbrains.kotlin.com.intellij.util.io.PagedFileStorage.<init>(PagedFileStorage.java:72)
			at org.jetbrains.kotlin.com.intellij.util.io.ResizeableMappedFile.<init>(ResizeableMappedFile.java:55)
			at org.jetbrains.kotlin.com.intellij.util.io.PersistentBTreeEnumerator.<init>(PersistentBTreeEnumerator.java:128)
			at org.jetbrains.kotlin.com.intellij.util.io.PersistentEnumerator.createDefaultEnumerator(PersistentEnumerator.java:52)
			at org.jetbrains.kotlin.com.intellij.util.io.PersistentMapImpl.<init>(PersistentMapImpl.java:165)
			at org.jetbrains.kotlin.com.intellij.util.io.PersistentMapImpl.<init>(PersistentMapImpl.java:140)
			at org.jetbrains.kotlin.com.intellij.util.io.PersistentMapBuilder.buildImplementation(PersistentMapBuilder.java:88)
			at org.jetbrains.kotlin.com.intellij.util.io.PersistentMapBuilder.build(PersistentMapBuilder.java:71)
			at org.jetbrains.kotlin.com.intellij.util.io.PersistentHashMap.<init>(PersistentHashMap.java:45)
			at org.jetbrains.kotlin.com.intellij.util.io.PersistentHashMap.<init>(PersistentHashMap.java:71)
			at org.jetbrains.kotlin.incremental.storage.LazyStorage.createMap(LazyStorage.kt:62)
			at org.jetbrains.kotlin.incremental.storage.LazyStorage.getStorageOrCreateNew(LazyStorage.kt:59)
			at org.jetbrains.kotlin.incremental.storage.LazyStorage.set(LazyStorage.kt:80)
			at org.jetbrains.kotlin.incremental.storage.InMemoryStorage.applyChanges(InMemoryStorage.kt:108)
			at org.jetbrains.kotlin.incremental.storage.InMemoryStorage.close(InMemoryStorage.kt:136)
			at org.jetbrains.kotlin.incremental.storage.PersistentStorageWrapper.close(PersistentStorage.kt:111)
			at org.jetbrains.kotlin.incremental.storage.BasicMapsOwner$close$1.invoke(BasicMapsOwner.kt:53)
			at org.jetbrains.kotlin.incremental.storage.BasicMapsOwner$close$1.invoke(BasicMapsOwner.kt:53)
			at org.jetbrains.kotlin.incremental.storage.BasicMapsOwner.forEachMapSafe(BasicMapsOwner.kt:87)
			... 26 more
			Suppressed: java.lang.Exception: Storage[C:\Users\123\AndroidStudioProjects\StopScroll\app\build\kotlin\kaptGenerateStubsDebugKotlin\cacheable\caches-jvm\lookups\id-to-file.tab] registration stack trace
				at org.jetbrains.kotlin.com.intellij.util.io.FilePageCache.registerPagedFileStorage(FilePageCache.java:437)
				... 45 more
	Suppressed: java.lang.Exception: Could not close incremental caches in C:\Users\123\AndroidStudioProjects\StopScroll\app\build\kotlin\kaptGenerateStubsDebugKotlin\cacheable\caches-jvm\inputs: source-to-output.tab
		... 26 more
		Suppressed: java.lang.IllegalStateException: Storage for [C:\Users\123\AndroidStudioProjects\StopScroll\app\build\kotlin\kaptGenerateStubsDebugKotlin\cacheable\caches-jvm\inputs\source-to-output.tab] is already registered
			at org.jetbrains.kotlin.com.intellij.util.io.FilePageCache.registerPagedFileStorage(FilePageCache.java:410)
			at org.jetbrains.kotlin.com.intellij.util.io.PagedFileStorage.<init>(PagedFileStorage.java:72)
			at org.jetbrains.kotlin.com.intellij.util.io.ResizeableMappedFile.<init>(ResizeableMappedFile.java:55)
			at org.jetbrains.kotlin.com.intellij.util.io.PersistentBTreeEnumerator.<init>(PersistentBTreeEnumerator.java:128)
			at org.jetbrains.kotlin.com.intellij.util.io.PersistentEnumerator.createDefaultEnumerator(PersistentEnumerator.java:52)
			at org.jetbrains.kotlin.com.intellij.util.io.PersistentMapImpl.<init>(PersistentMapImpl.java:165)
			at org.jetbrains.kotlin.com.intellij.util.io.PersistentMapImpl.<init>(PersistentMapImpl.java:140)
			at org.jetbrains.kotlin.com.intellij.util.io.PersistentMapBuilder.buildImplementation(PersistentMapBuilder.java:88)
			at org.jetbrains.kotlin.com.intellij.util.io.PersistentMapBuilder.build(PersistentMapBuilder.java:71)
			at org.jetbrains.kotlin.com.intellij.util.io.PersistentHashMap.<init>(PersistentHashMap.java:45)
			at org.jetbrains.kotlin.com.intellij.util.io.PersistentHashMap.<init>(PersistentHashMap.java:71)
			at org.jetbrains.kotlin.incremental.storage.LazyStorage.createMap(LazyStorage.kt:62)
			at org.jetbrains.kotlin.incremental.storage.LazyStorage.getStorageOrCreateNew(LazyStorage.kt:59)
			at org.jetbrains.kotlin.incremental.storage.LazyStorage.set(LazyStorage.kt:80)
			at org.jetbrains.kotlin.incremental.storage.InMemoryStorage.applyChanges(InMemoryStorage.kt:108)
			at org.jetbrains.kotlin.incremental.storage.AppendableInMemoryStorage.applyChanges(InMemoryStorage.kt:179)
			at org.jetbrains.kotlin.incremental.storage.InMemoryStorage.close(InMemoryStorage.kt:136)
			at org.jetbrains.kotlin.incremental.storage.AppendableSetBasicMap.close(BasicMap.kt:157)
			at org.jetbrains.kotlin.incremental.storage.BasicMapsOwner$close$1.invoke(BasicMapsOwner.kt:53)
			at org.jetbrains.kotlin.incremental.storage.BasicMapsOwner$close$1.invoke(BasicMapsOwner.kt:53)
			at org.jetbrains.kotlin.incremental.storage.BasicMapsOwner.forEachMapSafe(BasicMapsOwner.kt:87)
			... 25 more
			Suppressed: java.lang.Exception: Storage[C:\Users\123\AndroidStudioProjects\StopScroll\app\build\kotlin\kaptGenerateStubsDebugKotlin\cacheable\caches-jvm\inputs\source-to-output.tab] registration stack trace
				at org.jetbrains.kotlin.com.intellij.util.io.FilePageCache.registerPagedFileStorage(FilePageCache.java:437)
				... 45 more
Using fallback strategy: Compile without Kotlin daemon
Try ./gradlew --stop if this issue persists
If it does not look related to your configuration, please file an issue with logs to https://kotl.in/issue
exception: warning: kapt currently doesn't support language 
version 2.0+. Falling back to 1.9.

> Task :app:kaptDebugKotlin UP-TO-DATE

> Task :app:compileDebugKotlin
e: org.jetbrains.kotlin.util.FileAnalysisException: Somewhere in 
file C:/Users/123/AndroidStudioProjects/StopScroll/app/src/main/j
ava/com/focusguard/FocusGuardApp.kt: 
java.nio.file.NoSuchFileException: C:\Users\123\AndroidStudioProj
ects\StopScroll\app\build\generated\source\kapt\debug\com\focusgu
ard\accessibility\FocusGuardAccessibilityService_GeneratedInjecto
r.java
	at org.jetbrains.kotlin.util.AnalysisExceptionsKt.wrapIntoFileAn
alysisExceptionIfNeeded(AnalysisExceptions.kt:62)
	at org.jetbrains.kotlin.fir.FirCliExceptionHandler.handleExcepti
onOnFileAnalysis(Utils.kt:249)
	at org.jetbrains.kotlin.fir.resolve.transformers.FirImportResolv
eTransformer.transformFile(FirImportResolveTransformer.kt:84)
	at org.jetbrains.kotlin.fir.declarations.FirFile.transform(FirFi
le.kt:46)
	at org.jetbrains.kotlin.fir.resolve.transformers.FirTransformerB
asedResolveProcessor.processFile(FirResolveProcessor.kt:48)
	at org.jetbrains.kotlin.fir.resolve.transformers.FirTotalResolve
Processor.process(FirTotalResolveProcessor.kt:36)
	at org.jetbrains.kotlin.fir.pipeline.AnalyseKt.runResolution(ana
lyse.kt:20)
	at org.jetbrains.kotlin.fir.pipeline.FirUtilsKt.resolveAndCheckF
ir(firUtils.kt:76)
	at org.jetbrains.kotlin.fir.pipeline.FirUtilsKt.buildResolveAndC
heckFirViaLightTree(firUtils.kt:88)
	at org.jetbrains.kotlin.cli.jvm.compiler.pipeline.JvmCompilerPip
elineKt.compileModuleToAnalyzedFir(jvmCompilerPipeline.kt:319)
	at org.jetbrains.kotlin.cli.jvm.compiler.pipeline.JvmCompilerPip
elineKt.compileModulesUsingFrontendIrAndLightTree(jvmCompilerPipe
line.kt:118)
	at org.jetbrains.kotlin.cli.jvm.K2JVMCompiler.doExecute(K2JVMCom
piler.kt:148)
	at org.jetbrains.kotlin.cli.jvm.K2JVMCompiler.doExecute(K2JVMCom
piler.kt:43)
	at org.jetbrains.kotlin.cli.common.CLICompiler.execImpl(CLICompi
ler.kt:103)
	at org.jetbrains.kotlin.cli.common.CLICompiler.execImpl(CLICompi
ler.kt:49)
	at org.jetbrains.kotlin.cli.common.CLITool.exec(CLITool.kt:101)
	at org.jetbrains.kotlin.incremental.IncrementalJvmCompilerRunner
.runCompiler(IncrementalJvmCompilerRunner.kt:464)
	at org.jetbrains.kotlin.incremental.IncrementalJvmCompilerRunner
.runCompiler(IncrementalJvmCompilerRunner.kt:73)
	at org.jetbrains.kotlin.incremental.IncrementalCompilerRunner.do
Compile(IncrementalCompilerRunner.kt:506)
	at org.jetbrains.kotlin.incremental.IncrementalCompilerRunner.co
mpileImpl(IncrementalCompilerRunner.kt:423)
	at org.jetbrains.kotlin.incremental.IncrementalCompilerRunner.co
mpileNonIncrementally(IncrementalCompilerRunner.kt:301)
	at org.jetbrains.kotlin.incremental.IncrementalCompilerRunner.co
mpile(IncrementalCompilerRunner.kt:129)
	at org.jetbrains.kotlin.daemon.CompileServiceImplBase.execIncrem
entalCompiler(CompileServiceImpl.kt:675)
	at org.jetbrains.kotlin.daemon.CompileServiceImplBase.access$exe
cIncrementalCompiler(CompileServiceImpl.kt:92)
	at org.jetbrains.kotlin.daemon.CompileServiceImpl.compile(Compil
eServiceImpl.kt:1660)
	at 
jdk.internal.reflect.GeneratedMethodAccessor94.invoke(Unknown 
Source)
	at java.base/jdk.internal.reflect.DelegatingMethodAccessorImpl.i
nvoke(DelegatingMethodAccessorImpl.java:43)
	at java.base/java.lang.reflect.Method.invoke(Method.java:569)
	at java.rmi/sun.rmi.server.UnicastServerRef.dispatch(UnicastServ
erRef.java:360)
	at 
java.rmi/sun.rmi.transport.Transport$1.run(Transport.java:200)
	at 
java.rmi/sun.rmi.transport.Transport$1.run(Transport.java:197)
	at java.base/java.security.AccessController.doPrivileged(AccessC
ontroller.java:712)
	at java.rmi/sun.rmi.transport.Transport.serviceCall(Transport.ja
va:196)
	at java.rmi/sun.rmi.transport.tcp.TCPTransport.handleMessages(TC
PTransport.java:587)
	at java.rmi/sun.rmi.transport.tcp.TCPTransport$ConnectionHandler
.run0(TCPTransport.java:828)
	at java.rmi/sun.rmi.transport.tcp.TCPTransport$ConnectionHandler
.lambda$run$0(TCPTransport.java:705)
	at java.base/java.security.AccessController.doPrivileged(AccessC
ontroller.java:399)
	at java.rmi/sun.rmi.transport.tcp.TCPTransport$ConnectionHandler
.run(TCPTransport.java:704)
	at java.base/java.util.concurrent.ThreadPoolExecutor.runWorker(T
hreadPoolExecutor.java:1136)
	at java.base/java.util.concurrent.ThreadPoolExecutor$Worker.run(
ThreadPoolExecutor.java:635)
	at java.base/java.lang.Thread.run(Thread.java:840)
Caused by: java.nio.file.NoSuchFileException: C:\Users\123\Androi
dStudioProjects\StopScroll\app\build\generated\source\kapt\debug\
com\focusguard\accessibility\FocusGuardAccessibilityService_Gener
atedInjector.java
	at java.base/sun.nio.fs.WindowsException.translateToIOException(
WindowsException.java:85)
	at java.base/sun.nio.fs.WindowsException.rethrowAsIOException(Wi
ndowsException.java:103)
	at java.base/sun.nio.fs.WindowsException.rethrowAsIOException(Wi
ndowsException.java:108)
	at java.base/sun.nio.fs.WindowsFileSystemProvider.newByteChannel
(WindowsFileSystemProvider.java:236)
	at java.base/java.nio.file.Files.newByteChannel(Files.java:380)
	at java.base/java.nio.file.Files.newByteChannel(Files.java:432)
	at java.base/java.nio.file.Files.readAllBytes(Files.java:3288)
	at org.jetbrains.kotlin.com.intellij.openapi.vfs.local.CoreLocal
VirtualFile.contentsToByteArray(CoreLocalVirtualFile.java:148)
	at org.jetbrains.kotlin.cli.jvm.index.SingleJavaFileRootsIndex$J
avaSourceClassIdReader.<init>(SingleJavaFileRootsIndex.kt:58)
	at org.jetbrains.kotlin.cli.jvm.index.SingleJavaFileRootsIndex.g
etClassIdsForRootAt(SingleJavaFileRootsIndex.kt:48)
	at org.jetbrains.kotlin.cli.jvm.index.SingleJavaFileRootsIndex.f
indJavaSourceClasses(SingleJavaFileRootsIndex.kt:44)
	at org.jetbrains.kotlin.cli.jvm.compiler.KotlinCliJavaFileManage
rImpl.knownClassNamesInPackage(KotlinCliJavaFileManagerImpl.kt:27
7)
	at org.jetbrains.kotlin.resolve.jvm.KotlinJavaPsiFacade$CliFinde
r.knownClassNamesInPackage(KotlinJavaPsiFacade.java:548)
	at org.jetbrains.kotlin.resolve.jvm.KotlinJavaPsiFacade.knownCla
ssNamesInPackage(KotlinJavaPsiFacade.java:251)
	at org.jetbrains.kotlin.load.java.JavaClassFinderImpl.knownClass
NamesInPackage(JavaClassFinderImpl.kt:68)
	at org.jetbrains.kotlin.fir.java.FirJavaFacade$special$$inlined$
createCache$2.invoke(FirCachesFactory.kt:73)
	at org.jetbrains.kotlin.fir.java.FirJavaFacade$special$$inlined$
createCache$2.invoke(FirCachesFactory.kt:71)
	at org.jetbrains.kotlin.fir.caches.FirThreadUnsafeCache.getValue
(FirThreadUnsafeCachesFactory.kt:40)
	at org.jetbrains.kotlin.fir.java.FirJavaFacade.knownClassNamesIn
Package(FirJavaFacade.kt:762)
	at org.jetbrains.kotlin.fir.java.FirJavaFacade$special$$inlined$
createCache$1.invoke(FirCachesFactory.kt:73)
	at org.jetbrains.kotlin.fir.java.FirJavaFacade$special$$inlined$
createCache$1.invoke(FirCachesFactory.kt:71)
	at org.jetbrains.kotlin.fir.caches.FirThreadUnsafeCache.getValue
(FirThreadUnsafeCachesFactory.kt:40)
	at org.jetbrains.kotlin.fir.java.FirJavaFacade.getPackage(FirJav
aFacade.kt:761)
	at org.jetbrains.kotlin.fir.java.deserialization.JvmClassFileBas
edSymbolProvider.getPackage(JvmClassFileBasedSymbolProvider.kt:19
9)
	at org.jetbrains.kotlin.fir.resolve.providers.impl.FirCachingCom
positeSymbolProvider.computePackage(FirCachingCompositeSymbolProv
ider.kt:144)
	at org.jetbrains.kotlin.fir.resolve.providers.impl.FirCachingCom
positeSymbolProvider.access$computePackage(FirCachingCompositeSym
bolProvider.kt:27)
	at org.jetbrains.kotlin.fir.resolve.providers.impl.FirCachingCom
positeSymbolProvider$special$$inlined$createCache$5.invoke(FirCac
hesFactory.kt:73)
	at org.jetbrains.kotlin.fir.resolve.providers.impl.FirCachingCom
positeSymbolProvider$special$$inlined$createCache$5.invoke(FirCac
hesFactory.kt:71)
	at org.jetbrains.kotlin.fir.caches.FirThreadUnsafeCache.getValue
(FirThreadUnsafeCachesFactory.kt:40)
	at org.jetbrains.kotlin.fir.resolve.providers.impl.FirCachingCom
positeSymbolProvider.getPackage(FirCachingCompositeSymbolProvider
.kt:173)
	at org.jetbrains.kotlin.fir.resolve.transformers.ImportUtilsKt.f
indLongestExistingPackage(ImportUtils.kt:30)
	at org.jetbrains.kotlin.fir.resolve.transformers.FirImportResolv
eTransformer.transformImportForFqName(FirImportResolveTransformer
.kt:71)
	at org.jetbrains.kotlin.fir.resolve.transformers.FirImportResolv
eTransformer.transformImport(FirImportResolveTransformer.kt:64)
	at org.jetbrains.kotlin.fir.declarations.FirImport.transform(Fir
Import.kt:34)
	at org.jetbrains.kotlin.fir.visitors.FirTransformerUtilKt.transf
ormInplace(FirTransformerUtil.kt:20)
	at org.jetbrains.kotlin.fir.declarations.impl.FirFileImpl.transf
ormImports(FirFileImpl.kt:75)
	at org.jetbrains.kotlin.fir.declarations.impl.FirFileImpl.transf
ormChildren(FirFileImpl.kt:64)
	at org.jetbrains.kotlin.fir.declarations.impl.FirFileImpl.transf
ormChildren(FirFileImpl.kt:29)
	at org.jetbrains.kotlin.fir.resolve.transformers.FirImportResolv
eTransformer.transformFile(FirImportResolveTransformer.kt:44)
	... 38 more


> Task :app:compileDebugKotlin FAILED
w: Detected multiple Kotlin daemon sessions at 

FAILURE: Build failed with an exception.

* What went wrong:
Execution failed for task ':app:compileDebugKotlin'.
> A failure occurred while executing org.jetbrains.kotlin.compile
rRunner.GradleCompilerRunnerWithWorkers$GradleKotlinCompilerWorkA
ction
   > Internal compiler error. See log for more details

* Try:
> Run with --stacktrace option to get the stack trace.
> Run with --info or --debug option to get more log output.
> Run with --scan to get full insights.
> Get more help at https://help.gradle.org.

BUILD FAILED in 2m 44s
18 actionable tasks: 6 executed, 12 up-to-date
